// Jest Snapshot v1, https://goo.gl/fbAQLP

exports[`HomeRoundedButtonContainer.vue matches snapshot 1`] = `
<div
  class="home-rounded-button-container"
>
  <div>
    Slot content
  </div>
</div>
`;
